<?xml version="1.0" encoding="UTF-8"?>
  <testsuite name="E2e Suite" tests="13" failures="13" errors="0" time="95.865"></testsuite>